// Jest Snapshot v1, https://goo.gl/fbAQLP

exports[`EpisodeDetails component renders EpisodeDetails 1`] = `
<DocumentFragment>
  <figure
    data-testid="episode"
  >
    <h2 />
    <h3 />
  </figure>
</DocumentFragment>
`;
