// Jest Snapshot v1, https://goo.gl/fbAQLP

exports[`App component renders App 1`] = `
<DocumentFragment>
  <div>
    <div>
      <h1>
        Rick and Morty Episodes
      </h1>
      <a
        href="/"
      >
        <p>
          Home
        </p>
      </a>
    </div>
    <img
      alt="loading"
      src="https://media.giphy.com/media/oYMxbPiBVlVII/giphy.gif"
    />
  </div>
</DocumentFragment>
`;
